// Jest Snapshot v1, https://goo.gl/fbAQLP

exports[`Checking for Login Screen 1`] = `
<div>
  <p>
    Sign Up
  </p>
  <div
    className="signUpForm"
  >
    <p>
      
    </p>
    <form
      onSubmit={[Function]}
    >
      <div
        className="textForm"
      >
        <label>
          First Name:
          <input
            name="firstname"
            onChange={[Function]}
            placeholder="First Name"
            type="text"
            value=""
          />
        </label>
        <br />
        <label>
          Last Name:
          <input
            name="lastname"
            onChange={[Function]}
            placeholder="Last Name"
            type="text"
            value=""
          />
        </label>
        <br />
        <label>
          Email:
          <input
            name="email"
            onChange={[Function]}
            placeholder="Email"
            type="email"
            value=""
          />
        </label>
        <br />
        <label>
          Username:
          <input
            name="username"
            onChange={[Function]}
            placeholder="Username"
            type="text"
            value=""
          />
        </label>
        <br />
        <label>
          Password:
          <input
            name="password"
            onChange={[Function]}
            placeholder="Password"
            type="password"
            value=""
          />
        </label>
        <br />
        <input
          type="submit"
          value="Submit"
        />
      </div>
    </form>
  </div>
  <p>
    Sign In
  </p>
  <div
    className="signInForm"
  >
    <p>
      
    </p>
    <form
      onSubmit={[Function]}
    >
      <div
        className="loginForm"
      >
        <label>
          Email:
          <input
            name="email"
            onChange={[Function]}
            placeholder="Email"
            type="text"
            value=""
          />
        </label>
        <br />
        <label>
          Password:
          <input
            name="password"
            onChange={[Function]}
            placeholder="Password"
            type="password"
            value=""
          />
        </label>
        <br />
        <input
          type="submit"
          value="Submit"
        />
      </div>
    </form>
    <button
      onClick={[Function]}
    >
      Logout
    </button>
  </div>
</div>
`;
